11:14:25 **** Build of configuration Debug for project 00_led_toggle_addr ****
make -j8 all 
arm-none-eabi-gcc -mcpu=cortex-m0 -g3 -DDEBUG -c -x assembler-with-cpp -MMD -MP -MF"Startup/startup_stm32f030r8tx.d" -MT"Startup/startup_stm32f030r8tx.o" --specs=nano.specs -mfloat-abi=soft -mthumb -o "Startup/startup_stm32f030r8tx.o" "../Startup/startup_stm32f030r8tx.s"
arm-none-eabi-gcc "../Src/main.c" -mcpu=cortex-m0 -std=gnu11 -g3 -DDEBUG -DSTM32F030R8Tx -DSTM32 -DSTM32F0 -DSTM32F0308_DISCO -c -I../Inc -O0 -ffunction-sections -fdata-sections -Wall -fstack-usage -fcyclomatic-complexity -MMD -MP -MF"Src/main.d" -MT"Src/main.o" --specs=nano.specs -mfloat-abi=soft -mthumb -o "Src/main.o"
arm-none-eabi-gcc "../Src/syscalls.c" -mcpu=cortex-m0 -std=gnu11 -g3 -DDEBUG -DSTM32F030R8Tx -DSTM32 -DSTM32F0 -DSTM32F0308_DISCO -c -I../Inc -O0 -ffunction-sections -fdata-sections -Wall -fstack-usage -fcyclomatic-complexity -MMD -MP -MF"Src/syscalls.d" -MT"Src/syscalls.o" --specs=nano.specs -mfloat-abi=soft -mthumb -o "Src/syscalls.o"
arm-none-eabi-gcc "../Src/sysmem.c" -mcpu=cortex-m0 -std=gnu11 -g3 -DDEBUG -DSTM32F030R8Tx -DSTM32 -DSTM32F0 -DSTM32F0308_DISCO -c -I../Inc -O0 -ffunction-sections -fdata-sections -Wall -fstack-usage -fcyclomatic-complexity -MMD -MP -MF"Src/sysmem.d" -MT"Src/sysmem.o" --specs=nano.specs -mfloat-abi=soft -mthumb -o "Src/sysmem.o"
arm-none-eabi-gcc -o "00_led_toggle_addr.elf" @"objects.list"   -mcpu=cortex-m0 -T"D:\bare_metal\workspace\01_led_toggle_addr\STM32F030R8TX_FLASH.ld" --specs=nosys.specs -Wl,-Map="00_led_toggle_addr.map" -Wl,--gc-sections -static --specs=nano.specs -mfloat-abi=soft -mthumb -Wl,--start-group -lc -lm -Wl,--end-group
Finished building target: 00_led_toggle_addr.elf
 
arm-none-eabi-size   00_led_toggle_addr.elf 
arm-none-eabi-objdump -h -S  00_led_toggle_addr.elf  > "00_led_toggle_addr.list"
   text	   data	    bss	    dec	    hex	filename
    596	      8	   1568	   2172	    87c	00_led_toggle_addr.elf
Finished building: default.size.stdout
 
Finished building: 00_led_toggle_addr.list
 

11:14:26 Build Finished. 0 errors, 0 warnings. (took 699ms)

