14:57:39 **** Incremental Build of configuration Debug for project 10_adc_cont_conv ****
make -j8 all 
arm-none-eabi-gcc "../Src/main.c" -mcpu=cortex-m0 -std=gnu11 -g3 -DDEBUG -DSTM32F030R8Tx -DSTM32 -DSTM32F0 -DSTM32F0308_DISCO -DSTM32F030x8 -c -I../Inc -I"D:/bare_metal/workspace/chip_headers/CMSIS/Device/ST/STM32F0xx/Include" -I"D:/bare_metal/workspace/chip_headers/CMSIS/Include" -O0 -ffunction-sections -fdata-sections -Wall -fstack-usage -fcyclomatic-complexity -MMD -MP -MF"Src/main.d" -MT"Src/main.o" --specs=nano.specs -mfloat-abi=soft -mthumb -o "Src/main.o"
arm-none-eabi-gcc -o "10_adc_cont_conv.elf" @"objects.list"   -mcpu=cortex-m0 -T"D:\bare_metal\workspace\10_adc_cont_conv\STM32F030R8TX_FLASH.ld" --specs=nosys.specs -Wl,-Map="10_adc_cont_conv.map" -Wl,--gc-sections -static --specs=nano.specs -mfloat-abi=soft -mthumb -Wl,--start-group -lc -lm -Wl,--end-group
Finished building target: 10_adc_cont_conv.elf
 
arm-none-eabi-size   10_adc_cont_conv.elf 
arm-none-eabi-objdump -h -S  10_adc_cont_conv.elf  > "10_adc_cont_conv.list"
   text	   data	    bss	    dec	    hex	filename
   5460	    100	   1908	   7468	   1d2c	10_adc_cont_conv.elf
Finished building: default.size.stdout
 
Finished building: 10_adc_cont_conv.list
 

14:57:40 Build Finished. 0 errors, 0 warnings. (took 500ms)

