15:50:53 **** Build of configuration Debug for project 12_Timers ****
make -j8 all 
arm-none-eabi-gcc "../Src/adc.c" -mcpu=cortex-m0 -std=gnu11 -g3 -DDEBUG -DSTM32F030R8Tx -DSTM32 -DSTM32F0 -DSTM32F0308_DISCO -DSTM32F030x8 -c -I../Inc -I"D:/bare_metal/workspace/chip_headers/CMSIS/Device/ST/STM32F0xx/Include" -I"D:/bare_metal/workspace/chip_headers/CMSIS/Include" -O0 -ffunction-sections -fdata-sections -Wall -fstack-usage -fcyclomatic-complexity -MMD -MP -MF"Src/adc.d" -MT"Src/adc.o" --specs=nano.specs -mfloat-abi=soft -mthumb -o "Src/adc.o"
arm-none-eabi-gcc "../Src/main.c" -mcpu=cortex-m0 -std=gnu11 -g3 -DDEBUG -DSTM32F030R8Tx -DSTM32 -DSTM32F0 -DSTM32F0308_DISCO -DSTM32F030x8 -c -I../Inc -I"D:/bare_metal/workspace/chip_headers/CMSIS/Device/ST/STM32F0xx/Include" -I"D:/bare_metal/workspace/chip_headers/CMSIS/Include" -O0 -ffunction-sections -fdata-sections -Wall -fstack-usage -fcyclomatic-complexity -MMD -MP -MF"Src/main.d" -MT"Src/main.o" --specs=nano.specs -mfloat-abi=soft -mthumb -o "Src/main.o"
arm-none-eabi-gcc "../Src/syscalls.c" -mcpu=cortex-m0 -std=gnu11 -g3 -DDEBUG -DSTM32F030R8Tx -DSTM32 -DSTM32F0 -DSTM32F0308_DISCO -DSTM32F030x8 -c -I../Inc -I"D:/bare_metal/workspace/chip_headers/CMSIS/Device/ST/STM32F0xx/Include" -I"D:/bare_metal/workspace/chip_headers/CMSIS/Include" -O0 -ffunction-sections -fdata-sections -Wall -fstack-usage -fcyclomatic-complexity -MMD -MP -MF"Src/syscalls.d" -MT"Src/syscalls.o" --specs=nano.specs -mfloat-abi=soft -mthumb -o "Src/syscalls.o"
arm-none-eabi-gcc "../Src/sysmem.c" -mcpu=cortex-m0 -std=gnu11 -g3 -DDEBUG -DSTM32F030R8Tx -DSTM32 -DSTM32F0 -DSTM32F0308_DISCO -DSTM32F030x8 -c -I../Inc -I"D:/bare_metal/workspace/chip_headers/CMSIS/Device/ST/STM32F0xx/Include" -I"D:/bare_metal/workspace/chip_headers/CMSIS/Include" -O0 -ffunction-sections -fdata-sections -Wall -fstack-usage -fcyclomatic-complexity -MMD -MP -MF"Src/sysmem.d" -MT"Src/sysmem.o" --specs=nano.specs -mfloat-abi=soft -mthumb -o "Src/sysmem.o"
arm-none-eabi-gcc "../Src/systick.c" -mcpu=cortex-m0 -std=gnu11 -g3 -DDEBUG -DSTM32F030R8Tx -DSTM32 -DSTM32F0 -DSTM32F0308_DISCO -DSTM32F030x8 -c -I../Inc -I"D:/bare_metal/workspace/chip_headers/CMSIS/Device/ST/STM32F0xx/Include" -I"D:/bare_metal/workspace/chip_headers/CMSIS/Include" -O0 -ffunction-sections -fdata-sections -Wall -fstack-usage -fcyclomatic-complexity -MMD -MP -MF"Src/systick.d" -MT"Src/systick.o" --specs=nano.specs -mfloat-abi=soft -mthumb -o "Src/systick.o"
arm-none-eabi-gcc "../Src/tim.c" -mcpu=cortex-m0 -std=gnu11 -g3 -DDEBUG -DSTM32F030R8Tx -DSTM32 -DSTM32F0 -DSTM32F0308_DISCO -DSTM32F030x8 -c -I../Inc -I"D:/bare_metal/workspace/chip_headers/CMSIS/Device/ST/STM32F0xx/Include" -I"D:/bare_metal/workspace/chip_headers/CMSIS/Include" -O0 -ffunction-sections -fdata-sections -Wall -fstack-usage -fcyclomatic-complexity -MMD -MP -MF"Src/tim.d" -MT"Src/tim.o" --specs=nano.specs -mfloat-abi=soft -mthumb -o "Src/tim.o"
../Src/tim.c: In function 'timer6_init1Hz':
../Src/adc.c:17: warning: "ADC_CFGR1_CONT" redefined
   17 | #define ADC_CFGR1_CONT  (1U<<13)
      | 
../Src/tim.c:15:40: warning: "/*" within comment [-Wcomment]
   15 |         /*enable clock access to timer6/*        */
      |                                         
In file included from D:/bare_metal/workspace/chip_headers/CMSIS/Device/ST/STM32F0xx/Include/stm32f0xx.h:119,
                 from ../Src/adc.c:8:
D:/bare_metal/workspace/chip_headers/CMSIS/Device/ST/STM32F0xx/Include/stm32f030x8.h:667: note: this is the location of the previous definition
arm-none-eabi-gcc -o "12_Timers.elf" @"objects.list"   -mcpu=cortex-m0 -T"D:\bare_metal\workspace\12_Timers\STM32F030R8TX_FLASH.ld" --specs=nosys.specs -Wl,-Map="12_Timers.map" -Wl,--gc-sections -static --specs=nano.specs -mfloat-abi=soft -mthumb -Wl,--start-group -lc -lm -Wl,--end-group
  667 | #define ADC_CFGR1_CONT            ADC_CFGR1_CONT_Msk                           /*!< ADC group regular continuous conversion mode */
      | 
Finished building target: 12_Timers.elf
 
arm-none-eabi-size   12_Timers.elf 
arm-none-eabi-objdump -h -S  12_Timers.elf  > "12_Timers.list"
   text	   data	    bss	    dec	    hex	filename
   4040	    100	   1900	   6040	   1798	12_Timers.elf
Finished building: default.size.stdout
 
Finished building: 12_Timers.list
 

15:50:56 Build Finished. 0 errors, 2 warnings. (took 3s.286ms)

