17:58:04 **** Incremental Build of configuration Debug for project 14_InputCapture ****
make -j8 all 
arm-none-eabi-gcc "../Src/exti.c" -mcpu=cortex-m0 -std=gnu11 -g3 -DDEBUG -DSTM32F030R8Tx -DSTM32 -DSTM32F0 -DSTM32F0308_DISCO -DSTM32F030x8 -c -I../Inc -I"D:/bare_metal/workspace/chip_headers/CMSIS/Device/ST/STM32F0xx/Include" -I"D:/bare_metal/workspace/chip_headers/CMSIS/Include" -O0 -ffunction-sections -fdata-sections -Wall -fstack-usage -fcyclomatic-complexity -MMD -MP -MF"Src/exti.d" -MT"Src/exti.o" --specs=nano.specs -mfloat-abi=soft -mthumb -o "Src/exti.o"
arm-none-eabi-gcc -o "14_InputCapture.elf" @"objects.list"   -mcpu=cortex-m0 -T"D:\bare_metal\workspace\14_InputCapture\STM32F030R8TX_FLASH.ld" --specs=nosys.specs -Wl,-Map="14_InputCapture.map" -Wl,--gc-sections -static --specs=nano.specs -mfloat-abi=soft -mthumb -Wl,--start-group -lc -lm -Wl,--end-group
Finished building target: 14_InputCapture.elf
 
arm-none-eabi-size   14_InputCapture.elf 
arm-none-eabi-objdump -h -S  14_InputCapture.elf  > "14_InputCapture.list"
   text	   data	    bss	    dec	    hex	filename
    880	      8	   1568	   2456	    998	14_InputCapture.elf
Finished building: default.size.stdout
 
Finished building: 14_InputCapture.list
 

17:58:05 Build Finished. 0 errors, 0 warnings. (took 732ms)

