17:19:34 **** Build of configuration Debug for project 20_uart1_tx_dms ****
make -j8 all 
arm-none-eabi-gcc "../Src/uart1.c" -mcpu=cortex-m0 -std=gnu11 -g3 -DDEBUG -DSTM32F030R8Tx -DSTM32 -DSTM32F0 -DSTM32F0308_DISCO -DSTM32F030x8 -c -I../Inc -I"D:/bare_metal/workspace/chip_headers/CMSIS/Device/ST/STM32F0xx/Include" -I"D:/bare_metal/workspace/chip_headers/CMSIS/Include" -O0 -ffunction-sections -fdata-sections -Wall -fstack-usage -fcyclomatic-complexity -MMD -MP -MF"Src/uart1.d" -MT"Src/uart1.o" --specs=nano.specs -mfloat-abi=soft -mthumb -o "Src/uart1.o"
arm-none-eabi-gcc -o "20_uart1_tx_dms.elf" @"objects.list"   -mcpu=cortex-m0 -T"D:\bare_metal\workspace\20_uart1_tx_dms\STM32F030R8TX_FLASH.ld" --specs=nosys.specs -Wl,-Map="20_uart1_tx_dms.map" -Wl,--gc-sections -static --specs=nano.specs -mfloat-abi=soft -mthumb -Wl,--start-group -lc -lm -Wl,--end-group
Finished building target: 20_uart1_tx_dms.elf
 
arm-none-eabi-size   20_uart1_tx_dms.elf 
arm-none-eabi-objdump -h -S  20_uart1_tx_dms.elf  > "20_uart1_tx_dms.list"
   text	   data	    bss	    dec	    hex	filename
   4120	    100	   1908	   6128	   17f0	20_uart1_tx_dms.elf
Finished building: default.size.stdout
 
Finished building: 20_uart1_tx_dms.list
 

17:19:36 Build Finished. 0 errors, 0 warnings. (took 2s.92ms)

