14:44:03 **** Incremental Build of configuration Debug for project 22_adxl345 ****
make -j8 all 
arm-none-eabi-gcc "../Src/adxl345.c" -mcpu=cortex-m0 -std=gnu11 -g3 -DDEBUG -DSTM32F030R8Tx -DSTM32 -DSTM32F0 -DSTM32F0308_DISCO -DSTM32F030x8 -c -I../Inc -I"D:/bare_metal/workspace/chip_headers/CMSIS/Device/ST/STM32F0xx/Include" -I"D:/bare_metal/workspace/chip_headers/CMSIS/Include" -O0 -ffunction-sections -fdata-sections -Wall -fstack-usage -fcyclomatic-complexity -MMD -MP -MF"Src/adxl345.d" -MT"Src/adxl345.o" --specs=nano.specs -mfloat-abi=soft -mthumb -o "Src/adxl345.o"
arm-none-eabi-gcc -o "22_adxl345.elf" @"objects.list"   -mcpu=cortex-m0 -T"D:\bare_metal\workspace\22_adxl345\STM32F030R8TX_FLASH.ld" --specs=nosys.specs -Wl,-Map="22_adxl345.map" -Wl,--gc-sections -static --specs=nano.specs -mfloat-abi=soft -mthumb -Wl,--start-group -lc -lm -Wl,--end-group
Finished building target: 22_adxl345.elf
 
arm-none-eabi-size   22_adxl345.elf 
arm-none-eabi-objdump -h -S  22_adxl345.elf  > "22_adxl345.list"
   text	   data	    bss	    dec	    hex	filename
   1528	      8	   1568	   3104	    c20	22_adxl345.elf
Finished building: default.size.stdout
 
Finished building: 22_adxl345.list
 

14:44:04 Build Finished. 0 errors, 0 warnings. (took 1s.336ms)

