15:21:59 **** Build of configuration Debug for project 06_uart_rx ****
make -j8 all 
arm-none-eabi-gcc "../Src/main.c" -mcpu=cortex-m0 -std=gnu11 -g3 -DDEBUG -DSTM32F030R8Tx -DSTM32 -DSTM32F0 -DSTM32F0308_DISCO -DSTM32F030x8 -c -I../Inc -I"D:/bare_metal/workspace/chip_headers/CMSIS/Device/ST/STM32F0xx/Include" -I"D:/bare_metal/workspace/chip_headers/CMSIS/Include" -O0 -ffunction-sections -fdata-sections -Wall -fstack-usage -fcyclomatic-complexity -MMD -MP -MF"Src/main.d" -MT"Src/main.o" --specs=nano.specs -mfloat-abi=soft -mthumb -o "Src/main.o"
arm-none-eabi-gcc -o "06_uart_rx.elf" @"objects.list"   -mcpu=cortex-m0 -T"D:\bare_metal\workspace\06_uart_rx\STM32F030R8TX_FLASH.ld" --specs=nosys.specs -Wl,-Map="06_uart_rx.map" -Wl,--gc-sections -static --specs=nano.specs -mfloat-abi=soft -mthumb -Wl,--start-group -lc -lm -Wl,--end-group
Finished building target: 06_uart_rx.elf
 
arm-none-eabi-size   06_uart_rx.elf 
arm-none-eabi-objdump -h -S  06_uart_rx.elf  > "06_uart_rx.list"
   text	   data	    bss	    dec	    hex	filename
   4088	    100	   1908	   6096	   17d0	06_uart_rx.elf
Finished building: default.size.stdout
 
Finished building: 06_uart_rx.list
 
